<html>
<body>
<pre>
<h1>µVision Build Log</h1>
<h2>Tool Versions:</h2>
IDE-Version: µVision V5.31.0.0
Copyright (C) 2020 ARM Ltd and ARM Germany GmbH. All rights reserved.
License Information: David Chen, Nanyang Technological University, LIC=----
 
Tool Versions:
Toolchain:       MDK-Lite  Version: 5.31.0.0
Toolchain Path:  D:\Engineering Software\ARM_Keil\Keil_v5_core\ARM\ARMCLANG\Bin
C Compiler:      ArmClang.exe V6.14
Assembler:       Armasm.exe V6.14
Linker/Locator:  ArmLink.exe V6.14
Library Manager: ArmAr.exe V6.14
Hex Converter:   FromElf.exe V6.14
CPU DLL:         SARMCM3.DLL V5.31.0.0
Dialog DLL:      DCM.DLL V1.17.3.0
Target DLL:      UL2CM3.DLL V1.163.4.0
Dialog DLL:      TCM.DLL V1.46.0.0
 
<h2>Project:</h2>
C:\Users\David Chen Lequn\OneDrive - Nanyang Technological University\NTU Course Materials\MA4832 Microprocessor system\Lab Materials\Lab 1\project1.uvprojx
Project File Date:  08/10/2020

<h2>Output:</h2>
*** Using Compiler 'V6.14', folder: 'D:\Engineering Software\ARM_Keil\Keil_v5_core\ARM\ARMCLANG\Bin'
Build target 'Target 1'
assembling Prog1.s...
assembling Startup.s...
linking...
Program Size: Code=660 RO-data=0 RW-data=0 ZI-data=1024  
".\Objects\project1.axf" - 0 Error(s), 0 Warning(s).

<h2>Software Packages used:</h2>

Package Vendor: Keil
                http://www.keil.com/pack/Keil.TM4C_DFP.1.1.0.pack
                Keil.TM4C_DFP.1.1.0
                Texas Instruments Tiva C Series Device Support and Examples

<h2>Collection of Component include folders:</h2>
  D:\Engineering Software\ARM_Keil\ARM_packs\Keil\TM4C_DFP\1.1.0\Device\Include\TM4C123

<h2>Collection of Component Files used:</h2>
Build Time Elapsed:  00:00:02
</pre>
</body>
</html>
